python : [ADD_TASK] REMINDER_SERVICE not initialized, cannot schedule reminder for task 10
строка:1 знак:1
+ python test_all_functions.py > test_output.txt 2>&1; Get-Content test ...
+ ~~~~~~~~~~~~~~~~~~~~~~~~~~~~~~~~~~~~~~~~~~~~~~~~~~~
    + CategoryInfo          : NotSpecified: ([ADD_TASK] REMI...der for task 10:String) [], 
    RemoteException
    + FullyQualifiedErrorId : NativeCommandError
 
